flutter : Could not find an option named "--web-renderer".
At line:1 char:58
+ ... nd\frontend ; flutter build web --web-renderer canvaskit 2>&1 | tee b ...
+                   ~~~~~~~~~~~~~~~~~~~~~~~~~~~~~~~~~~~~~~~~~~~~~~~
    + CategoryInfo          : NotSpecified: (Could not find ...-web-renderer". 
   :String) [], RemoteException
    + FullyQualifiedErrorId : NativeCommandError
 

Run 'flutter -h' (or 'flutter <command> -h') for available flutter commands 
and options.
