....................................................................s... [  5%]
........................................................................ [ 10%]
........................................................................ [ 15%]
............................................................s........... [ 21%]
........................................................................ [ 26%]
........................................................................ [ 31%]
................................................ss...................... [ 37%]
........................................................................ [ 42%]
.............
